{"name":"my_bin","platforms":{"linux-aarch64":{"digest":"1234567890123456789012345678901234567890123456789012345678901234","format":"tar.gz","hash":"sha256","path":"linux.aarch64","providers":[{"url":"https://fake/foo"}],"size":123},"linux-x86_64":{"digest":"1234567890123456789012345678901234567890123456789012345678901234","format":"tar.gz","hash":"sha256","path":"linux.x86_64","providers":[{"url":"https://fake/foo"}],"size":123},"macos-aarch64":{"digest":"1234567890123456789012345678901234567890123456789012345678901234","format":"tar.gz","hash":"sha256","path":"macos.aarch64","providers":[{"url":"https://fake/foo"}],"size":123},"macos-x86_64":{"digest":"1234567890123456789012345678901234567890123456789012345678901234","format":"tar.gz","hash":"sha256","path":"macos.x86_64","providers":[{"url":"https://fake/foo"}],"size":123},"windows-x86_64":{"digest":"1234567890123456789012345678901234567890123456789012345678901234","format":"tar.gz","hash":"sha256","path":"windows.x86_64.exe","providers":[{"url":"https://fake/foo"}],"size":123}}}
